
SYMBOLS BY NAME

    5fca CODE       _IncrementVcore     
    5eda CONST      ___RAL_hex_lc       
    5eca CONST      ___RAL_hex_uc       
    6c1c CODE       ___RAL_pow10f       
    6cda CODE       ___RAL_pre_padding  
    6cbc CODE       ___RAL_print_padding
    8640 CODE       ___RAL_read_tp      
    1c00            ___RAM_Address      
    4000            ___RAM_Size         
    1c00            ___begin_IDATA0     
    2110            ___begin_THREAD     
    1c0e            ___begin_UDATA0     
     4c0            ___crt_mpy          
     4d2            ___crt_mpy32h       
     4d0            ___crt_mpy32l       
     4c8            ___crt_op2          
     4e2            ___crt_op2h         
     4e0            ___crt_op2l         
     4e8            ___crt_res2         
     4ea            ___crt_res3         
     4ca            ___crt_reslo        
    1c0e            ___end_IDATA0       
    2112            ___end_THREAD       
    2110            ___end_UDATA0       
    6d14 CODE       ___errno            
    7f66 CODE       ___float32_add      
    813c CODE       ___float32_div      
    8216 CODE       ___float32_eq       
    7f24 CODE       ___float32_isinf    
    7f3e CODE       ___float32_isnan    
    81fa CODE       ___float32_lt       
    8064 CODE       ___float32_mul      
    5fc6 CONST      ___float32_nan      
    7f56 CODE       ___float32_signbit  
    8058 CODE       ___float32_sub      
    82a6 CODE       ___float32_to_int32 
    6a7e CODE       ___int16_div        
    6aa4 CODE       ___int16_mod        
    6aca CODE       ___int16_mul        
    8226 CODE       ___int16_to_float32 
    6ae0 CODE       ___int64_lsr        
    6c72 CODE       ___putc             
    6b60 CODE       ___uint16_div       
    8232 CODE       ___uint16_to_float32
    823c CODE       ___uint16_to_float32_aux
    6b78 CODE       ___uint32_div       
    6b82 CODE       ___uint32_divmod    
    6baa CODE       ___uint32_mod       
    825c CODE       ___uint32_to_float32
    6bb8 CODE       ___uint64_div       
    6be0 CODE       ___uint64_divmod    
    6b40 CODE       ___uint64_mod       
    210e UDATA0     ___user_format_extender
    6d90 CODE       ___vfprintf         
    6d90 CODE       ___vfprintf_float_long_long
    6d04 CODE       _abs                
    6750 CODE       _clearIrqStatus     
    85da CODE       _fabsf              
    8386 CODE       _floorf             
    8456 CODE       _fmodf              
    861c CODE       _frexpf             
    6714 CODE       _getIrqStatus       
    677e CODE       _getPacketStatus    
    6642 CODE       _getRxBufferStatus  
    6254 CODE       _getStatus          
    606c CODE       _initClock          
    67b2 CODE       _initInterruptPin   
    6204 CODE       _initSPI            
    60b2 CODE       _initUART           
    85e0 CODE       _ldexpf             
    67c8 CODE       _main               
    6d60 CODE       _memcpy             
    6d70 CODE       _memset             
    82f0 CODE       _modff              
    5cbc ISR        _radioInterrupt     
    1c0c IDATA0     _radioInterruptFlag 
    65bc CODE       _readBuffer         
    63f4 CODE       _setBufferBaseAddress
    66f0 CODE       _setDIO2AsRfSwitchCtrl
    6466 CODE       _setDioIrqParams    
    661c CODE       _setLoraSyncWord    
    6422 CODE       _setModulationParams
    66b8 CODE       _setPaConfig        
    64c8 CODE       _setPacketParams    
    6368 CODE       _setPacketType      
    638e CODE       _setRfFrequency     
    62dc CODE       _setRx              
    62b6 CODE       _setStandby         
    6322 CODE       _setTx              
    668c CODE       _setTxParams        
    609c CODE       _sleep              
    5c62 ISR        _spiInterrupt       
    1c08 IDATA0     _spiMsgLength       
    61d8 CODE       _spiReceive         
    1c0e UDATA0     _spiRxBuffer        
    1c0b IDATA0     _spiRxDone          
    1c0a IDATA0     _spiRxPtr           
    61a2 CODE       _spiTransmit        
    1d0e UDATA0     _spiTxBuffer        
    1c09 IDATA0     _spiTxPtr           
    6d80 CODE       _strlen             
    6d1e CODE       _strnlen            
    5c00 ISR        _uartInterrupt      
    616e CODE       _uartPrintf         
    1e0e UDATA0     _uartPrintfBuffer   
    60ee CODE       _uartReceive        
    1f0e UDATA0     _uartRxBuffer       
    1c02 IDATA0     _uartRxHead         
    1c04 IDATA0     _uartRxMsgAvailable 
    1c03 IDATA0     _uartRxTail         
    6122 CODE       _uartTransmit       
    1c06 IDATA0     _uartTxActive       
    200e UDATA0     _uartTxBuffer       
    1c00 IDATA0     _uartTxHead         
    1c01 IDATA0     _uartTxTail         
    6d38 CODE       _vsprintf           
    6576 CODE       _writeBuffer        
    6524 CODE       _writeRegister      
    5ec8 CONST      thread_init_begin   
    5eca CONST      thread_init_end     


SYMBOLS BY VALUE

     4c0            ___crt_mpy          
     4c8            ___crt_op2          
     4ca            ___crt_reslo        
     4d0            ___crt_mpy32l       
     4d2            ___crt_mpy32h       
     4e0            ___crt_op2l         
     4e2            ___crt_op2h         
     4e8            ___crt_res2         
     4ea            ___crt_res3         
    1c00            ___RAM_Address      
    1c00            ___begin_IDATA0     
    1c00 IDATA0     _uartTxHead         
    1c01 IDATA0     _uartTxTail         
    1c02 IDATA0     _uartRxHead         
    1c03 IDATA0     _uartRxTail         
    1c04 IDATA0     _uartRxMsgAvailable 
    1c06 IDATA0     _uartTxActive       
    1c08 IDATA0     _spiMsgLength       
    1c09 IDATA0     _spiTxPtr           
    1c0a IDATA0     _spiRxPtr           
    1c0b IDATA0     _spiRxDone          
    1c0c IDATA0     _radioInterruptFlag 
    1c0e            ___begin_UDATA0     
    1c0e            ___end_IDATA0       
    1c0e UDATA0     _spiRxBuffer        
    1d0e UDATA0     _spiTxBuffer        
    1e0e UDATA0     _uartPrintfBuffer   
    1f0e UDATA0     _uartRxBuffer       
    200e UDATA0     _uartTxBuffer       
    210e UDATA0     ___user_format_extender
    2110            ___begin_THREAD     
    2110            ___end_UDATA0       
    2112            ___end_THREAD       
    4000            ___RAM_Size         
    5c00 ISR        _uartInterrupt      
    5c62 ISR        _spiInterrupt       
    5cbc ISR        _radioInterrupt     
    5ec8 CONST      thread_init_begin   
    5eca CONST      ___RAL_hex_uc       
    5eca CONST      thread_init_end     
    5eda CONST      ___RAL_hex_lc       
    5fc6 CONST      ___float32_nan      
    5fca CODE       _IncrementVcore     
    606c CODE       _initClock          
    609c CODE       _sleep              
    60b2 CODE       _initUART           
    60ee CODE       _uartReceive        
    6122 CODE       _uartTransmit       
    616e CODE       _uartPrintf         
    61a2 CODE       _spiTransmit        
    61d8 CODE       _spiReceive         
    6204 CODE       _initSPI            
    6254 CODE       _getStatus          
    62b6 CODE       _setStandby         
    62dc CODE       _setRx              
    6322 CODE       _setTx              
    6368 CODE       _setPacketType      
    638e CODE       _setRfFrequency     
    63f4 CODE       _setBufferBaseAddress
    6422 CODE       _setModulationParams
    6466 CODE       _setDioIrqParams    
    64c8 CODE       _setPacketParams    
    6524 CODE       _writeRegister      
    6576 CODE       _writeBuffer        
    65bc CODE       _readBuffer         
    661c CODE       _setLoraSyncWord    
    6642 CODE       _getRxBufferStatus  
    668c CODE       _setTxParams        
    66b8 CODE       _setPaConfig        
    66f0 CODE       _setDIO2AsRfSwitchCtrl
    6714 CODE       _getIrqStatus       
    6750 CODE       _clearIrqStatus     
    677e CODE       _getPacketStatus    
    67b2 CODE       _initInterruptPin   
    67c8 CODE       _main               
    6a7e CODE       ___int16_div        
    6aa4 CODE       ___int16_mod        
    6aca CODE       ___int16_mul        
    6ae0 CODE       ___int64_lsr        
    6b40 CODE       ___uint64_mod       
    6b60 CODE       ___uint16_div       
    6b78 CODE       ___uint32_div       
    6b82 CODE       ___uint32_divmod    
    6baa CODE       ___uint32_mod       
    6bb8 CODE       ___uint64_div       
    6be0 CODE       ___uint64_divmod    
    6c1c CODE       ___RAL_pow10f       
    6c72 CODE       ___putc             
    6cbc CODE       ___RAL_print_padding
    6cda CODE       ___RAL_pre_padding  
    6d04 CODE       _abs                
    6d14 CODE       ___errno            
    6d1e CODE       _strnlen            
    6d38 CODE       _vsprintf           
    6d60 CODE       _memcpy             
    6d70 CODE       _memset             
    6d80 CODE       _strlen             
    6d90 CODE       ___vfprintf_float_long_long
    6d90 CODE       ___vfprintf         
    7f24 CODE       ___float32_isinf    
    7f3e CODE       ___float32_isnan    
    7f56 CODE       ___float32_signbit  
    7f66 CODE       ___float32_add      
    8058 CODE       ___float32_sub      
    8064 CODE       ___float32_mul      
    813c CODE       ___float32_div      
    81fa CODE       ___float32_lt       
    8216 CODE       ___float32_eq       
    8226 CODE       ___int16_to_float32 
    8232 CODE       ___uint16_to_float32
    823c CODE       ___uint16_to_float32_aux
    825c CODE       ___uint32_to_float32
    82a6 CODE       ___float32_to_int32 
    82f0 CODE       _modff              
    8386 CODE       _floorf             
    8456 CODE       _fmodf              
    85da CODE       _fabsf              
    85e0 CODE       _ldexpf             
    861c CODE       _frexpf             
    8640 CODE       ___RAL_read_tp      
