
SYMBOLS BY NAME

    6056 CODE       _IncrementVcore     
    5dac CONST      ___RAL_ascii_ctype_map
    69d8 CODE       ___RAL_ascii_mbtowc 
    6a1e CODE       ___RAL_ascii_wctomb 
    5f86 CONST      ___RAL_c_locale     
    5e84 CONST      ___RAL_c_locale_abbrev_day_names
    5ef8 CONST      ___RAL_c_locale_abbrev_month_names
    5f29 CONST      ___RAL_c_locale_am_pm_indicator
    5f54 CONST      ___RAL_c_locale_data
    5f30 CONST      ___RAL_c_locale_date_format
    5f42 CONST      ___RAL_c_locale_date_time_format
    5e4a CONST      ___RAL_c_locale_day_names
    5ea1 CONST      ___RAL_c_locale_month_names
    5f39 CONST      ___RAL_c_locale_time_format
    5e3a CONST      ___RAL_codeset_ascii
    5f53 CONST      ___RAL_data_empty_string
    5f51 CONST      ___RAL_data_utf8_period
    1c10 IDATA0     ___RAL_global_locale
    680c CODE       ___RAL_global_locale_category
    5d84 CONST      ___RAL_hex_lc       
    5d74 CONST      ___RAL_hex_uc       
    69ca CODE       ___RAL_init_mbstate 
    67a0 CODE       ___RAL_isctype      
    6560 CODE       ___RAL_pow10f       
    673c CODE       ___RAL_pre_padding  
    671e CODE       ___RAL_print_padding
    82f0 CODE       ___RAL_read_tp      
    1c00            ___RAM_Address      
    4000            ___RAM_Size         
    1c00            ___begin_IDATA0     
    1f1c            ___begin_THREAD     
    1c1a            ___begin_UDATA0     
     4c0            ___crt_mpy          
     4d2            ___crt_mpy32h       
     4d0            ___crt_mpy32l       
     4c8            ___crt_op2          
     4e2            ___crt_op2h         
     4e0            ___crt_op2l         
     4e4            ___crt_res0         
     4e6            ___crt_res1         
     4e8            ___crt_res2         
     4ea            ___crt_res3         
     4ca            ___crt_reslo        
    651a CODE       ___digit            
    1c1a            ___end_IDATA0       
    1f1e            ___end_THREAD       
    1f1c            ___end_UDATA0       
    6802 CODE       ___errno            
    7c4c CODE       ___float32_add      
    7e22 CODE       ___float32_div      
    7efc CODE       ___float32_eq       
    7c0a CODE       ___float32_isinf    
    7c24 CODE       ___float32_isnan    
    7ee0 CODE       ___float32_lt       
    7d4a CODE       ___float32_mul      
    6052 CONST      ___float32_nan      
    7c3c CODE       ___float32_signbit  
    7d3e CODE       ___float32_sub      
    7f56 CODE       ___float32_to_int32 
    637c CODE       ___int16_div        
    63a2 CODE       ___int16_mod        
    63c8 CODE       ___int16_mul        
    635a CODE       ___int32_mul        
    63de CODE       ___int64_lsr        
    66d4 CODE       ___putc             
    65b6 CODE       ___strtoul          
    5cf8 ISR        ___thunk___RAL_ascii_mbtowc
    5cfc ISR        ___thunk___RAL_ascii_wctomb
    645e CODE       ___uint16_div       
    6476 CODE       ___uint32_div       
    6480 CODE       ___uint32_divmod    
    64a8 CODE       ___uint32_mod       
    7f0c CODE       ___uint32_to_float32
    64b6 CODE       ___uint64_div       
    64de CODE       ___uint64_divmod    
    643e CODE       ___uint64_mod       
    1f1a UDATA0     ___user_format_extender
    6a76 CODE       ___vfprintf         
    6a76 CODE       ___vfprintf_float_long_long
    6766 CODE       _abs                
    6776 CODE       _atol               
    828a CODE       _fabsf              
    8036 CODE       _floorf             
    8106 CODE       _fmodf              
    82cc CODE       _frexpf             
    6230 CODE       _getTime            
    60f8 CODE       _initClock          
    6222 CODE       _initTimer          
    6132 CODE       _initUART           
    67e2 CODE       _isdigit            
    67d0 CODE       _islower            
    67f2 CODE       _isspace            
    67be CODE       _isupper            
    8290 CODE       _ldexpf             
    6296 CODE       _main               
    6a46 CODE       _memcpy             
    6a56 CODE       _memset             
    7fa0 CODE       _modff              
    1c08 IDATA0     _myTimerCoarse      
    1c0c IDATA0     _myTimerFine        
    611c CODE       _sleep              
    6244 CODE       _sleepUntilPrecise  
    6a66 CODE       _strlen             
    68dc CODE       _strnlen            
    68f6 CODE       _strtol             
    5c62 ISR        _timerInterrupt     
    5c00 ISR        _uartInterrupt      
    61ee CODE       _uartPrintf         
    1c1a UDATA0     _uartPrintfBuffer   
    616e CODE       _uartReceive        
    1d1a UDATA0     _uartRxBuffer       
    1c02 IDATA0     _uartRxHead         
    1c04 IDATA0     _uartRxMsgAvailable 
    1c03 IDATA0     _uartRxTail         
    61a2 CODE       _uartTransmit       
    1c06 IDATA0     _uartTxActive       
    1e1a UDATA0     _uartTxBuffer       
    1c00 IDATA0     _uartTxHead         
    1c01 IDATA0     _uartTxTail         
    69a2 CODE       _vsprintf           
    5d72 CONST      thread_init_begin   
    5d74 CONST      thread_init_end     


SYMBOLS BY VALUE

     4c0            ___crt_mpy          
     4c8            ___crt_op2          
     4ca            ___crt_reslo        
     4d0            ___crt_mpy32l       
     4d2            ___crt_mpy32h       
     4e0            ___crt_op2l         
     4e2            ___crt_op2h         
     4e4            ___crt_res0         
     4e6            ___crt_res1         
     4e8            ___crt_res2         
     4ea            ___crt_res3         
    1c00            ___begin_IDATA0     
    1c00 IDATA0     _uartTxHead         
    1c00            ___RAM_Address      
    1c01 IDATA0     _uartTxTail         
    1c02 IDATA0     _uartRxHead         
    1c03 IDATA0     _uartRxTail         
    1c04 IDATA0     _uartRxMsgAvailable 
    1c06 IDATA0     _uartTxActive       
    1c08 IDATA0     _myTimerCoarse      
    1c0c IDATA0     _myTimerFine        
    1c10 IDATA0     ___RAL_global_locale
    1c1a            ___begin_UDATA0     
    1c1a            ___end_IDATA0       
    1c1a UDATA0     _uartPrintfBuffer   
    1d1a UDATA0     _uartRxBuffer       
    1e1a UDATA0     _uartTxBuffer       
    1f1a UDATA0     ___user_format_extender
    1f1c            ___begin_THREAD     
    1f1c            ___end_UDATA0       
    1f1e            ___end_THREAD       
    4000            ___RAM_Size         
    5c00 ISR        _uartInterrupt      
    5c62 ISR        _timerInterrupt     
    5cf8 ISR        ___thunk___RAL_ascii_mbtowc
    5cfc ISR        ___thunk___RAL_ascii_wctomb
    5d72 CONST      thread_init_begin   
    5d74 CONST      ___RAL_hex_uc       
    5d74 CONST      thread_init_end     
    5d84 CONST      ___RAL_hex_lc       
    5dac CONST      ___RAL_ascii_ctype_map
    5e3a CONST      ___RAL_codeset_ascii
    5e4a CONST      ___RAL_c_locale_day_names
    5e84 CONST      ___RAL_c_locale_abbrev_day_names
    5ea1 CONST      ___RAL_c_locale_month_names
    5ef8 CONST      ___RAL_c_locale_abbrev_month_names
    5f29 CONST      ___RAL_c_locale_am_pm_indicator
    5f30 CONST      ___RAL_c_locale_date_format
    5f39 CONST      ___RAL_c_locale_time_format
    5f42 CONST      ___RAL_c_locale_date_time_format
    5f51 CONST      ___RAL_data_utf8_period
    5f53 CONST      ___RAL_data_empty_string
    5f54 CONST      ___RAL_c_locale_data
    5f86 CONST      ___RAL_c_locale     
    6052 CONST      ___float32_nan      
    6056 CODE       _IncrementVcore     
    60f8 CODE       _initClock          
    611c CODE       _sleep              
    6132 CODE       _initUART           
    616e CODE       _uartReceive        
    61a2 CODE       _uartTransmit       
    61ee CODE       _uartPrintf         
    6222 CODE       _initTimer          
    6230 CODE       _getTime            
    6244 CODE       _sleepUntilPrecise  
    6296 CODE       _main               
    635a CODE       ___int32_mul        
    637c CODE       ___int16_div        
    63a2 CODE       ___int16_mod        
    63c8 CODE       ___int16_mul        
    63de CODE       ___int64_lsr        
    643e CODE       ___uint64_mod       
    645e CODE       ___uint16_div       
    6476 CODE       ___uint32_div       
    6480 CODE       ___uint32_divmod    
    64a8 CODE       ___uint32_mod       
    64b6 CODE       ___uint64_div       
    64de CODE       ___uint64_divmod    
    651a CODE       ___digit            
    6560 CODE       ___RAL_pow10f       
    65b6 CODE       ___strtoul          
    66d4 CODE       ___putc             
    671e CODE       ___RAL_print_padding
    673c CODE       ___RAL_pre_padding  
    6766 CODE       _abs                
    6776 CODE       _atol               
    67a0 CODE       ___RAL_isctype      
    67be CODE       _isupper            
    67d0 CODE       _islower            
    67e2 CODE       _isdigit            
    67f2 CODE       _isspace            
    6802 CODE       ___errno            
    680c CODE       ___RAL_global_locale_category
    68dc CODE       _strnlen            
    68f6 CODE       _strtol             
    69a2 CODE       _vsprintf           
    69ca CODE       ___RAL_init_mbstate 
    69d8 CODE       ___RAL_ascii_mbtowc 
    6a1e CODE       ___RAL_ascii_wctomb 
    6a46 CODE       _memcpy             
    6a56 CODE       _memset             
    6a66 CODE       _strlen             
    6a76 CODE       ___vfprintf         
    6a76 CODE       ___vfprintf_float_long_long
    7c0a CODE       ___float32_isinf    
    7c24 CODE       ___float32_isnan    
    7c3c CODE       ___float32_signbit  
    7c4c CODE       ___float32_add      
    7d3e CODE       ___float32_sub      
    7d4a CODE       ___float32_mul      
    7e22 CODE       ___float32_div      
    7ee0 CODE       ___float32_lt       
    7efc CODE       ___float32_eq       
    7f0c CODE       ___uint32_to_float32
    7f56 CODE       ___float32_to_int32 
    7fa0 CODE       _modff              
    8036 CODE       _floorf             
    8106 CODE       _fmodf              
    828a CODE       _fabsf              
    8290 CODE       _ldexpf             
    82cc CODE       _frexpf             
    82f0 CODE       ___RAL_read_tp      
