
SYMBOLS BY NAME

    6042 CODE       _IncrementVcore     
    5d98 CONST      ___RAL_ascii_ctype_map
    698c CODE       ___RAL_ascii_mbtowc 
    69d2 CODE       ___RAL_ascii_wctomb 
    5f72 CONST      ___RAL_c_locale     
    5e70 CONST      ___RAL_c_locale_abbrev_day_names
    5ee4 CONST      ___RAL_c_locale_abbrev_month_names
    5f15 CONST      ___RAL_c_locale_am_pm_indicator
    5f40 CONST      ___RAL_c_locale_data
    5f1c CONST      ___RAL_c_locale_date_format
    5f2e CONST      ___RAL_c_locale_date_time_format
    5e36 CONST      ___RAL_c_locale_day_names
    5e8d CONST      ___RAL_c_locale_month_names
    5f25 CONST      ___RAL_c_locale_time_format
    5e26 CONST      ___RAL_codeset_ascii
    5f3f CONST      ___RAL_data_empty_string
    5f3d CONST      ___RAL_data_utf8_period
    1c0c IDATA0     ___RAL_global_locale
    67c0 CODE       ___RAL_global_locale_category
    5d70 CONST      ___RAL_hex_lc       
    5d60 CONST      ___RAL_hex_uc       
    697e CODE       ___RAL_init_mbstate 
    6754 CODE       ___RAL_isctype      
    6514 CODE       ___RAL_pow10f       
    66f0 CODE       ___RAL_pre_padding  
    66d2 CODE       ___RAL_print_padding
    82a4 CODE       ___RAL_read_tp      
    1c00            ___RAM_Address      
    4000            ___RAM_Size         
    1c00            ___begin_IDATA0     
    1f18            ___begin_THREAD     
    1c16            ___begin_UDATA0     
     4c0            ___crt_mpy          
     4d2            ___crt_mpy32h       
     4d0            ___crt_mpy32l       
     4c8            ___crt_op2          
     4e2            ___crt_op2h         
     4e0            ___crt_op2l         
     4e4            ___crt_res0         
     4e6            ___crt_res1         
     4e8            ___crt_res2         
     4ea            ___crt_res3         
     4ca            ___crt_reslo        
    64ce CODE       ___digit            
    1c16            ___end_IDATA0       
    1f1a            ___end_THREAD       
    1f18            ___end_UDATA0       
    67b6 CODE       ___errno            
    7c00 CODE       ___float32_add      
    7dd6 CODE       ___float32_div      
    7eb0 CODE       ___float32_eq       
    7bbe CODE       ___float32_isinf    
    7bd8 CODE       ___float32_isnan    
    7e94 CODE       ___float32_lt       
    7cfe CODE       ___float32_mul      
    603e CONST      ___float32_nan      
    7bf0 CODE       ___float32_signbit  
    7cf2 CODE       ___float32_sub      
    7f0a CODE       ___float32_to_int32 
    6330 CODE       ___int16_div        
    6356 CODE       ___int16_mod        
    637c CODE       ___int16_mul        
    630e CODE       ___int32_mul        
    6392 CODE       ___int64_lsr        
    6688 CODE       ___putc             
    656a CODE       ___strtoul          
    5ce8 ISR        ___thunk___RAL_ascii_mbtowc
    5cec ISR        ___thunk___RAL_ascii_wctomb
    6412 CODE       ___uint16_div       
    642a CODE       ___uint32_div       
    6434 CODE       ___uint32_divmod    
    645c CODE       ___uint32_mod       
    7ec0 CODE       ___uint32_to_float32
    646a CODE       ___uint64_div       
    6492 CODE       ___uint64_divmod    
    63f2 CODE       ___uint64_mod       
    1f16 UDATA0     ___user_format_extender
    6a2a CODE       ___vfprintf         
    6a2a CODE       ___vfprintf_float_long_long
    671a CODE       _abs                
    672a CODE       _atol               
    823e CODE       _fabsf              
    7fea CODE       _floorf             
    80ba CODE       _fmodf              
    8280 CODE       _frexpf             
    6222 CODE       _getTime            
    60e4 CODE       _initClock          
    621a CODE       _initTimer          
    612a CODE       _initUART           
    6796 CODE       _isdigit            
    6784 CODE       _islower            
    67a6 CODE       _isspace            
    6772 CODE       _isupper            
    8244 CODE       _ldexpf             
    624c CODE       _main               
    69fa CODE       _memcpy             
    6a0a CODE       _memset             
    7f54 CODE       _modff              
    1c08 IDATA0     _myTimerCoarse      
    6114 CODE       _sleep              
    6236 CODE       _sleepUntil         
    6a1a CODE       _strlen             
    6890 CODE       _strnlen            
    68aa CODE       _strtol             
    5c62 ISR        _timerInterrupt     
    5c00 ISR        _uartInterrupt      
    61e6 CODE       _uartPrintf         
    1c16 UDATA0     _uartPrintfBuffer   
    6166 CODE       _uartReceive        
    1d16 UDATA0     _uartRxBuffer       
    1c02 IDATA0     _uartRxHead         
    1c04 IDATA0     _uartRxMsgAvailable 
    1c03 IDATA0     _uartRxTail         
    619a CODE       _uartTransmit       
    1c06 IDATA0     _uartTxActive       
    1e16 UDATA0     _uartTxBuffer       
    1c00 IDATA0     _uartTxHead         
    1c01 IDATA0     _uartTxTail         
    6956 CODE       _vsprintf           
    5d5e CONST      thread_init_begin   
    5d60 CONST      thread_init_end     


SYMBOLS BY VALUE

     4c0            ___crt_mpy          
     4c8            ___crt_op2          
     4ca            ___crt_reslo        
     4d0            ___crt_mpy32l       
     4d2            ___crt_mpy32h       
     4e0            ___crt_op2l         
     4e2            ___crt_op2h         
     4e4            ___crt_res0         
     4e6            ___crt_res1         
     4e8            ___crt_res2         
     4ea            ___crt_res3         
    1c00 IDATA0     _uartTxHead         
    1c00            ___RAM_Address      
    1c00            ___begin_IDATA0     
    1c01 IDATA0     _uartTxTail         
    1c02 IDATA0     _uartRxHead         
    1c03 IDATA0     _uartRxTail         
    1c04 IDATA0     _uartRxMsgAvailable 
    1c06 IDATA0     _uartTxActive       
    1c08 IDATA0     _myTimerCoarse      
    1c0c IDATA0     ___RAL_global_locale
    1c16 UDATA0     _uartPrintfBuffer   
    1c16            ___begin_UDATA0     
    1c16            ___end_IDATA0       
    1d16 UDATA0     _uartRxBuffer       
    1e16 UDATA0     _uartTxBuffer       
    1f16 UDATA0     ___user_format_extender
    1f18            ___end_UDATA0       
    1f18            ___begin_THREAD     
    1f1a            ___end_THREAD       
    4000            ___RAM_Size         
    5c00 ISR        _uartInterrupt      
    5c62 ISR        _timerInterrupt     
    5ce8 ISR        ___thunk___RAL_ascii_mbtowc
    5cec ISR        ___thunk___RAL_ascii_wctomb
    5d5e CONST      thread_init_begin   
    5d60 CONST      ___RAL_hex_uc       
    5d60 CONST      thread_init_end     
    5d70 CONST      ___RAL_hex_lc       
    5d98 CONST      ___RAL_ascii_ctype_map
    5e26 CONST      ___RAL_codeset_ascii
    5e36 CONST      ___RAL_c_locale_day_names
    5e70 CONST      ___RAL_c_locale_abbrev_day_names
    5e8d CONST      ___RAL_c_locale_month_names
    5ee4 CONST      ___RAL_c_locale_abbrev_month_names
    5f15 CONST      ___RAL_c_locale_am_pm_indicator
    5f1c CONST      ___RAL_c_locale_date_format
    5f25 CONST      ___RAL_c_locale_time_format
    5f2e CONST      ___RAL_c_locale_date_time_format
    5f3d CONST      ___RAL_data_utf8_period
    5f3f CONST      ___RAL_data_empty_string
    5f40 CONST      ___RAL_c_locale_data
    5f72 CONST      ___RAL_c_locale     
    603e CONST      ___float32_nan      
    6042 CODE       _IncrementVcore     
    60e4 CODE       _initClock          
    6114 CODE       _sleep              
    612a CODE       _initUART           
    6166 CODE       _uartReceive        
    619a CODE       _uartTransmit       
    61e6 CODE       _uartPrintf         
    621a CODE       _initTimer          
    6222 CODE       _getTime            
    6236 CODE       _sleepUntil         
    624c CODE       _main               
    630e CODE       ___int32_mul        
    6330 CODE       ___int16_div        
    6356 CODE       ___int16_mod        
    637c CODE       ___int16_mul        
    6392 CODE       ___int64_lsr        
    63f2 CODE       ___uint64_mod       
    6412 CODE       ___uint16_div       
    642a CODE       ___uint32_div       
    6434 CODE       ___uint32_divmod    
    645c CODE       ___uint32_mod       
    646a CODE       ___uint64_div       
    6492 CODE       ___uint64_divmod    
    64ce CODE       ___digit            
    6514 CODE       ___RAL_pow10f       
    656a CODE       ___strtoul          
    6688 CODE       ___putc             
    66d2 CODE       ___RAL_print_padding
    66f0 CODE       ___RAL_pre_padding  
    671a CODE       _abs                
    672a CODE       _atol               
    6754 CODE       ___RAL_isctype      
    6772 CODE       _isupper            
    6784 CODE       _islower            
    6796 CODE       _isdigit            
    67a6 CODE       _isspace            
    67b6 CODE       ___errno            
    67c0 CODE       ___RAL_global_locale_category
    6890 CODE       _strnlen            
    68aa CODE       _strtol             
    6956 CODE       _vsprintf           
    697e CODE       ___RAL_init_mbstate 
    698c CODE       ___RAL_ascii_mbtowc 
    69d2 CODE       ___RAL_ascii_wctomb 
    69fa CODE       _memcpy             
    6a0a CODE       _memset             
    6a1a CODE       _strlen             
    6a2a CODE       ___vfprintf_float_long_long
    6a2a CODE       ___vfprintf         
    7bbe CODE       ___float32_isinf    
    7bd8 CODE       ___float32_isnan    
    7bf0 CODE       ___float32_signbit  
    7c00 CODE       ___float32_add      
    7cf2 CODE       ___float32_sub      
    7cfe CODE       ___float32_mul      
    7dd6 CODE       ___float32_div      
    7e94 CODE       ___float32_lt       
    7eb0 CODE       ___float32_eq       
    7ec0 CODE       ___uint32_to_float32
    7f0a CODE       ___float32_to_int32 
    7f54 CODE       _modff              
    7fea CODE       _floorf             
    80ba CODE       _fmodf              
    823e CODE       _fabsf              
    8244 CODE       _ldexpf             
    8280 CODE       _frexpf             
    82a4 CODE       ___RAL_read_tp      
