
SYMBOLS BY NAME

    6124 CODE       _IncrementVcore     
    6034 CONST      ___RAL_hex_lc       
    6024 CONST      ___RAL_hex_uc       
    702c CODE       ___RAL_pow10f       
    70ea CODE       ___RAL_pre_padding  
    70cc CODE       ___RAL_print_padding
    8a50 CODE       ___RAL_read_tp      
    1c00            ___RAM_Address      
    4000            ___RAM_Size         
    1c00            ___begin_IDATA0     
    212a            ___begin_THREAD     
    1c18            ___begin_UDATA0     
     4c0            ___crt_mpy          
     4d2            ___crt_mpy32h       
     4d0            ___crt_mpy32l       
     4c8            ___crt_op2          
     4e2            ___crt_op2h         
     4e0            ___crt_op2l         
     4e8            ___crt_res2         
     4ea            ___crt_res3         
     4ca            ___crt_reslo        
    1c18            ___end_IDATA0       
    212c            ___end_THREAD       
    212a            ___end_UDATA0       
    7124 CODE       ___errno            
    8376 CODE       ___float32_add      
    854c CODE       ___float32_div      
    8626 CODE       ___float32_eq       
    8334 CODE       ___float32_isinf    
    834e CODE       ___float32_isnan    
    860a CODE       ___float32_lt       
    8474 CODE       ___float32_mul      
    6120 CONST      ___float32_nan      
    8366 CODE       ___float32_signbit  
    8468 CODE       ___float32_sub      
    86b6 CODE       ___float32_to_int32 
    6e8e CODE       ___int16_div        
    6eb4 CODE       ___int16_mod        
    6eda CODE       ___int16_mul        
    8636 CODE       ___int16_to_float32 
    6ef0 CODE       ___int64_lsr        
    7082 CODE       ___putc             
    6f70 CODE       ___uint16_div       
    8642 CODE       ___uint16_to_float32
    864c CODE       ___uint16_to_float32_aux
    6f88 CODE       ___uint32_div       
    6f92 CODE       ___uint32_divmod    
    6fba CODE       ___uint32_mod       
    866c CODE       ___uint32_to_float32
    6fc8 CODE       ___uint64_div       
    6ff0 CODE       ___uint64_divmod    
    6f50 CODE       ___uint64_mod       
    2128 UDATA0     ___user_format_extender
    71a0 CODE       ___vfprintf         
    71a0 CODE       ___vfprintf_float_long_long
    7114 CODE       _abs                
    686c CODE       _clearIrqStatus     
    89ea CODE       _fabsf              
    8796 CODE       _floorf             
    8866 CODE       _fmodf              
    8a2c CODE       _frexpf             
    6830 CODE       _getIrqStatus       
    689a CODE       _getPacketStatus    
    675e CODE       _getRxBufferStatus  
    6370 CODE       _getStatus          
    6956 CODE       _getTime            
    61c6 CODE       _initClock          
    68ce CODE       _initInterruptPin   
    6320 CODE       _initSPI            
    68e4 CODE       _initTemp           
    6948 CODE       _initTimer          
    6200 CODE       _initUART           
    1c20 UDATA0     _inter0             
    89f0 CODE       _ldexpf             
    6980 CODE       _main               
    7170 CODE       _memcpy             
    7180 CODE       _memset             
    8700 CODE       _modff              
    1c10 IDATA0     _myTimerCoarse      
    1c14 IDATA0     _myTimerFine        
    5cbc ISR        _radioInterrupt     
    1c0c IDATA0     _radioInterruptFlag 
    66d8 CODE       _readBuffer         
    6510 CODE       _setBufferBaseAddress
    680c CODE       _setDIO2AsRfSwitchCtrl
    6582 CODE       _setDioIrqParams    
    6738 CODE       _setLoraSyncWord    
    653e CODE       _setModulationParams
    67d4 CODE       _setPaConfig        
    65e4 CODE       _setPacketParams    
    6484 CODE       _setPacketType      
    64aa CODE       _setRfFrequency     
    63f8 CODE       _setRx              
    63d2 CODE       _setStandby         
    643e CODE       _setTx              
    67a8 CODE       _setTxParams        
    61ea CODE       _sleep              
    696a CODE       _sleepUntil         
    1c24 UDATA0     _slope              
    5c62 ISR        _spiInterrupt       
    1c08 IDATA0     _spiMsgLength       
    62f4 CODE       _spiReceive         
    1c28 UDATA0     _spiRxBuffer        
    1c0b IDATA0     _spiRxDone          
    1c0a IDATA0     _spiRxPtr           
    62be CODE       _spiTransmit        
    1d28 UDATA0     _spiTxBuffer        
    1c09 IDATA0     _spiTxPtr           
    7190 CODE       _strlen             
    712e CODE       _strnlen            
    1c18 UDATA0     _temp               
    1c1e UDATA0     _temp30             
    1c1c UDATA0     _temp85             
    5ccc ISR        _tempDone           
    1c0e IDATA0     _tempFlag           
    5d42 ISR        _timerInterrupt     
    5c00 ISR        _uartInterrupt      
    628a CODE       _uartPrintf         
    1e28 UDATA0     _uartPrintfBuffer   
    1f28 UDATA0     _uartRxBuffer       
    1c02 IDATA0     _uartRxHead         
    1c04 IDATA0     _uartRxMsgAvailable 
    623c CODE       _uartTransmit       
    1c06 IDATA0     _uartTxActive       
    2028 UDATA0     _uartTxBuffer       
    1c00 IDATA0     _uartTxHead         
    1c01 IDATA0     _uartTxTail         
    7148 CODE       _vsprintf           
    6692 CODE       _writeBuffer        
    6640 CODE       _writeRegister      
    6022 CONST      thread_init_begin   
    6024 CONST      thread_init_end     


SYMBOLS BY VALUE

     4c0            ___crt_mpy          
     4c8            ___crt_op2          
     4ca            ___crt_reslo        
     4d0            ___crt_mpy32l       
     4d2            ___crt_mpy32h       
     4e0            ___crt_op2l         
     4e2            ___crt_op2h         
     4e8            ___crt_res2         
     4ea            ___crt_res3         
    1c00 IDATA0     _uartTxHead         
    1c00            ___RAM_Address      
    1c00            ___begin_IDATA0     
    1c01 IDATA0     _uartTxTail         
    1c02 IDATA0     _uartRxHead         
    1c04 IDATA0     _uartRxMsgAvailable 
    1c06 IDATA0     _uartTxActive       
    1c08 IDATA0     _spiMsgLength       
    1c09 IDATA0     _spiTxPtr           
    1c0a IDATA0     _spiRxPtr           
    1c0b IDATA0     _spiRxDone          
    1c0c IDATA0     _radioInterruptFlag 
    1c0e IDATA0     _tempFlag           
    1c10 IDATA0     _myTimerCoarse      
    1c14 IDATA0     _myTimerFine        
    1c18            ___end_IDATA0       
    1c18 UDATA0     _temp               
    1c18            ___begin_UDATA0     
    1c1c UDATA0     _temp85             
    1c1e UDATA0     _temp30             
    1c20 UDATA0     _inter0             
    1c24 UDATA0     _slope              
    1c28 UDATA0     _spiRxBuffer        
    1d28 UDATA0     _spiTxBuffer        
    1e28 UDATA0     _uartPrintfBuffer   
    1f28 UDATA0     _uartRxBuffer       
    2028 UDATA0     _uartTxBuffer       
    2128 UDATA0     ___user_format_extender
    212a            ___begin_THREAD     
    212a            ___end_UDATA0       
    212c            ___end_THREAD       
    4000            ___RAM_Size         
    5c00 ISR        _uartInterrupt      
    5c62 ISR        _spiInterrupt       
    5cbc ISR        _radioInterrupt     
    5ccc ISR        _tempDone           
    5d42 ISR        _timerInterrupt     
    6022 CONST      thread_init_begin   
    6024 CONST      ___RAL_hex_uc       
    6024 CONST      thread_init_end     
    6034 CONST      ___RAL_hex_lc       
    6120 CONST      ___float32_nan      
    6124 CODE       _IncrementVcore     
    61c6 CODE       _initClock          
    61ea CODE       _sleep              
    6200 CODE       _initUART           
    623c CODE       _uartTransmit       
    628a CODE       _uartPrintf         
    62be CODE       _spiTransmit        
    62f4 CODE       _spiReceive         
    6320 CODE       _initSPI            
    6370 CODE       _getStatus          
    63d2 CODE       _setStandby         
    63f8 CODE       _setRx              
    643e CODE       _setTx              
    6484 CODE       _setPacketType      
    64aa CODE       _setRfFrequency     
    6510 CODE       _setBufferBaseAddress
    653e CODE       _setModulationParams
    6582 CODE       _setDioIrqParams    
    65e4 CODE       _setPacketParams    
    6640 CODE       _writeRegister      
    6692 CODE       _writeBuffer        
    66d8 CODE       _readBuffer         
    6738 CODE       _setLoraSyncWord    
    675e CODE       _getRxBufferStatus  
    67a8 CODE       _setTxParams        
    67d4 CODE       _setPaConfig        
    680c CODE       _setDIO2AsRfSwitchCtrl
    6830 CODE       _getIrqStatus       
    686c CODE       _clearIrqStatus     
    689a CODE       _getPacketStatus    
    68ce CODE       _initInterruptPin   
    68e4 CODE       _initTemp           
    6948 CODE       _initTimer          
    6956 CODE       _getTime            
    696a CODE       _sleepUntil         
    6980 CODE       _main               
    6e8e CODE       ___int16_div        
    6eb4 CODE       ___int16_mod        
    6eda CODE       ___int16_mul        
    6ef0 CODE       ___int64_lsr        
    6f50 CODE       ___uint64_mod       
    6f70 CODE       ___uint16_div       
    6f88 CODE       ___uint32_div       
    6f92 CODE       ___uint32_divmod    
    6fba CODE       ___uint32_mod       
    6fc8 CODE       ___uint64_div       
    6ff0 CODE       ___uint64_divmod    
    702c CODE       ___RAL_pow10f       
    7082 CODE       ___putc             
    70cc CODE       ___RAL_print_padding
    70ea CODE       ___RAL_pre_padding  
    7114 CODE       _abs                
    7124 CODE       ___errno            
    712e CODE       _strnlen            
    7148 CODE       _vsprintf           
    7170 CODE       _memcpy             
    7180 CODE       _memset             
    7190 CODE       _strlen             
    71a0 CODE       ___vfprintf         
    71a0 CODE       ___vfprintf_float_long_long
    8334 CODE       ___float32_isinf    
    834e CODE       ___float32_isnan    
    8366 CODE       ___float32_signbit  
    8376 CODE       ___float32_add      
    8468 CODE       ___float32_sub      
    8474 CODE       ___float32_mul      
    854c CODE       ___float32_div      
    860a CODE       ___float32_lt       
    8626 CODE       ___float32_eq       
    8636 CODE       ___int16_to_float32 
    8642 CODE       ___uint16_to_float32
    864c CODE       ___uint16_to_float32_aux
    866c CODE       ___uint32_to_float32
    86b6 CODE       ___float32_to_int32 
    8700 CODE       _modff              
    8796 CODE       _floorf             
    8866 CODE       _fmodf              
    89ea CODE       _fabsf              
    89f0 CODE       _ldexpf             
    8a2c CODE       _frexpf             
    8a50 CODE       ___RAL_read_tp      
